package expalias

import (
	aliasMaps "golang.org/x/exp/maps"
	aliasSlices "golang.org/x/exp/slices"
	"maps"   // want "Import statement 'golang.org/x/exp/maps' can be replaced by 'maps'"
	"slices" // want "Import statement 'golang.org/x/exp/slices' can be replaced by 'slices'"
)

func _(m map[string]string, a, b []string) {
	aliasMaps.Clone(m)
	maps.Clone(m) // want `golang.org/x/exp/maps\.Clone\(\) can be replaced by maps\.Clone\(\)`
	aliasSlices.Equal(a, b)
	slices.Equal(a, b)
}
